ASxxxx Linker V03.00 + NoICE + sdld,  page 1.
Hexadecimal  [32-Bits]

Area                                    Addr        Size        Decimal Bytes (Attributes)
--------------------------------        ----        ----        ------- ----- ------------
CABS                                00000000    00000000 =           0. bytes (ABS,CON,CODE)

      Value  Global                              Global Defined In Module
      -----  --------------------------------   ------------------------
C:   00000000  l_BIT_BANK                      
C:   00000000  l_CABS                          
C:   00000000  l_CONST                         
C:   00000000  l_GSFINAL                       
C:   00000000  l_GSINIT                        
C:   00000000  l_GSINIT0                       
C:   00000000  l_GSINIT1                       
C:   00000000  l_GSINIT2                       
C:   00000000  l_GSINIT3                       
C:   00000000  l_GSINIT4                       
C:   00000000  l_GSINIT5                       
C:   00000000  l_IABS                          
C:   00000000  l_ISEG                          
C:   00000000  l_OSEG                          
C:   00000000  l_PSEG                          
C:   00000000  l_REG_BANK_1                    
C:   00000000  l_REG_BANK_2                    
C:   00000000  l_REG_BANK_3                    
C:   00000000  l_RSEG                          
C:   00000000  l_RSEG0                         
C:   00000000  l_RSEG1                         
C:   00000000  l_XABS                          
C:   00000000  l_XINIT                         
C:   00000000  l_XISEG                         
C:   00000000  l_XSEG                          
C:   00000000  l__CODE                         
C:   00000000  s_BSEG                          
C:   00000000  s_CABS                          
C:   00000000  s_DSEG                          
C:   00000000  s_HOME                          
C:   00000000  s_IABS                          
C:   00000000  s_ISEG                          
C:   00000000  s_REG_BANK_0                    
C:   00000000  s_RSEG                          
C:   00000000  s_RSEG0                         
C:   00000000  s_RSEG1                         
C:   00000000  s_XABS                          
C:   00000001  l_BSEG_BYTES                    
C:   00000003  l_BSEG                          
C:   00000008  l_REG_BANK_0                    
C:   00000008  s_REG_BANK_1                    
C:   00000010  s_REG_BANK_2                    
C:   00000018  s_BIT_BANK                      
C:   00000018  s_OSEG                          
C:   00000018  s_REG_BANK_3                    
C:   0000001C  l_CSEG                          
C:   00000020  s_BSEG_BYTES                    
C:   00000020  s__CODE                         
C:   00000021  s_SSEG                          
C:   00000069  l_GBOOT_CONST                   
ASxxxx Linker V03.00 + NoICE + sdld,  page 2.
Hexadecimal  [32-Bits]

Area                                    Addr        Size        Decimal Bytes (Attributes)
--------------------------------        ----        ----        ------- ----- ------------
CABS                                00000000    00000000 =           0. bytes (ABS,CON,CODE)

      Value  Global                              Global Defined In Module
      -----  --------------------------------   ------------------------
C:   0000007C  l_DSEG                          
C:   00000091  l_HOME                          
C:   00000091  s_CSEG                          
C:   00000091  s_GSFINAL                       
C:   00000091  s_GSINIT                        
C:   00000091  s_GSINIT0                       
C:   00000091  s_GSINIT1                       
C:   00000091  s_GSINIT2                       
C:   00000091  s_GSINIT3                       
C:   00000091  s_GSINIT4                       
C:   00000091  s_GSINIT5                       
C:   000000AD  s_USBSEG                        
C:   000000DF  l_SSEG                          
C:   00000100  l_IRAM                          
C:   0000018F  l_MAINSEG                       
C:   00000327  l_USBSEG                        
C:   00004000  s_PSEG                          
C:   00004000  s_XISEG                         
C:   00004000  s_XSEG                          
C:   0000FA00  s_MAINSEG                       
C:   0000FB8F  s_CONST                         
C:   0000FB8F  s_GBOOT_CONST                   
C:   0000FB8F  s_XINIT                         

ASxxxx Linker V03.00 + NoICE + sdld,  page 3.
Hexadecimal  [32-Bits]

Area                                    Addr        Size        Decimal Bytes (Attributes)
--------------------------------        ----        ----        ------- ----- ------------
.  .ABS.                            00000000    00000000 =           0. bytes (ABS,CON)

      Value  Global                              Global Defined In Module
      -----  --------------------------------   ------------------------
     00000000  .__.ABS.                           _gptrget
     00000010  _hw_rev                            gboot_main
     00000080  _P0                                gboot_usb_core
     00000080  _P0_0                              gboot_usb_core
     00000081  _P0_1                              gboot_usb_core
     00000081  _SP                                gboot_usb_core
     00000082  _DPL                               gboot_usb_core
     00000082  _P0_2                              gboot_usb_core
     00000083  _DPH                               gboot_usb_core
     00000083  _P0_3                              gboot_usb_core
     00000084  _P0_4                              gboot_usb_core
     00000085  _P0_5                              gboot_usb_core
     00000086  _P0_6                              gboot_usb_core
     00000087  _P0_7                              gboot_usb_core
     00000087  _PCON                              gboot_usb_core
     00000088  _IT0                               gboot_usb_core
     00000088  _TCON                              gboot_usb_core
     00000089  _IE0                               gboot_usb_core
     00000089  _TMOD                              gboot_usb_core
     0000008A  _IT1                               gboot_usb_core
     0000008A  _TL0                               gboot_usb_core
     0000008B  _IE1                               gboot_usb_core
     0000008B  _TL1                               gboot_usb_core
     0000008C  _TH0                               gboot_usb_core
     0000008C  _TR0                               gboot_usb_core
     0000008D  _TF0                               gboot_usb_core
     0000008D  _TH1                               gboot_usb_core
     0000008E  _CKCON                             gboot_usb_core
     0000008E  _TR1                               gboot_usb_core
     0000008F  _PSCTL                             gboot_usb_core
     0000008F  _TF1                               gboot_usb_core
     00000090  _P1                                gboot_usb_core
     00000090  _P1_0                              gboot_usb_core
     00000091  _P1_1                              gboot_usb_core
     00000091  _TMR3CN                            gboot_usb_core
     00000092  _P1_2                              gboot_usb_core
     00000092  _TMR3RLL                           gboot_usb_core
     00000093  _P1_3                              gboot_usb_core
     00000093  _TMR3RLH                           gboot_usb_core
     00000094  _P1_4                              gboot_usb_core
     00000094  _TMR3L                             gboot_usb_core
     00000095  _P1_5                              gboot_usb_core
     00000095  _TMR3H                             gboot_usb_core
     00000096  _P1_6                              gboot_usb_core
     00000096  _USB0ADR                           gboot_usb_core
     00000097  _P1_7                              gboot_usb_core
     00000097  _USB0DAT                           gboot_usb_core
     00000098  _RI                                gboot_usb_core
     00000098  _RI0                               gboot_usb_core
     00000098  _SCON                              gboot_usb_core
ASxxxx Linker V03.00 + NoICE + sdld,  page 4.
Hexadecimal  [32-Bits]

Area                                    Addr        Size        Decimal Bytes (Attributes)
--------------------------------        ----        ----        ------- ----- ------------
.  .ABS.                            00000000    00000000 =           0. bytes (ABS,CON)

      Value  Global                              Global Defined In Module
      -----  --------------------------------   ------------------------
     00000098  _SCON0                             gboot_usb_core
     00000099  _SBUF                              gboot_usb_core
     00000099  _SBUF0                             gboot_usb_core
     00000099  _TI                                gboot_usb_core
     00000099  _TI0                               gboot_usb_core
     0000009A  _CPT1CN                            gboot_usb_core
     0000009A  _RB8                               gboot_usb_core
     0000009A  _RB80                              gboot_usb_core
     0000009B  _CPT0CN                            gboot_usb_core
     0000009B  _TB8                               gboot_usb_core
     0000009B  _TB80                              gboot_usb_core
     0000009C  _CPT1MD                            gboot_usb_core
     0000009C  _REN                               gboot_usb_core
     0000009C  _REN0                              gboot_usb_core
     0000009D  _CPT0MD                            gboot_usb_core
     0000009D  _MCE0                              gboot_usb_core
     0000009D  _SM2                               gboot_usb_core
     0000009E  _CPT1MX                            gboot_usb_core
     0000009F  _CPT0MX                            gboot_usb_core
     0000009F  _S0MODE                            gboot_usb_core
     0000009F  _SM0                               gboot_usb_core
     000000A0  _P2                                gboot_usb_core
     000000A0  _P2_0                              gboot_usb_core
     000000A0  _pcb_rev                           gboot_main
     000000A1  _P2_1                              gboot_usb_core
     000000A1  _SPI0CFG                           gboot_usb_core
     000000A2  _P2_2                              gboot_usb_core
     000000A2  _SPI0CKR                           gboot_usb_core
     000000A3  _P2_3                              gboot_usb_core
     000000A3  _SPI0DAT                           gboot_usb_core
     000000A4  _P0MDOUT                           gboot_usb_core
     000000A4  _P2_4                              gboot_usb_core
     000000A5  _P1MDOUT                           gboot_usb_core
     000000A5  _P2_5                              gboot_usb_core
     000000A6  _P2MDOUT                           gboot_usb_core
     000000A6  _P2_6                              gboot_usb_core
     000000A7  _P2_7                              gboot_usb_core
     000000A7  _P3MDOUT                           gboot_usb_core
     000000A8  _EX0                               gboot_usb_core
     000000A8  _IE                                gboot_usb_core
     000000A9  _CLKSEL                            gboot_usb_core
     000000A9  _ET0                               gboot_usb_core
     000000AA  _EMI0CN                            gboot_usb_core
     000000AA  _EX1                               gboot_usb_core
     000000AA  __XPAGE                            gboot_usb_core
     000000AB  _ET1                               gboot_usb_core
     000000AC  _ES                                gboot_usb_core
     000000AC  _ES0                               gboot_usb_core
     000000AD  _ET2                               gboot_usb_core
     000000AE  _ESPI0                             gboot_usb_core
     000000AF  _EA                                gboot_usb_core
ASxxxx Linker V03.00 + NoICE + sdld,  page 5.
Hexadecimal  [32-Bits]

Area                                    Addr        Size        Decimal Bytes (Attributes)
--------------------------------        ----        ----        ------- ----- ------------
.  .ABS.                            00000000    00000000 =           0. bytes (ABS,CON)

      Value  Global                              Global Defined In Module
      -----  --------------------------------   ------------------------
     000000B0  _P3                                gboot_usb_core
     000000B0  _P3_0                              gboot_usb_core
     000000B1  _OSCXCN                            gboot_usb_core
     000000B1  _P3_1                              gboot_usb_core
     000000B2  _OSCICN                            gboot_usb_core
     000000B2  _P3_2                              gboot_usb_core
     000000B3  _OSCICL                            gboot_usb_core
     000000B3  _P3_3                              gboot_usb_core
     000000B4  _P3_4                              gboot_usb_core
     000000B5  _P3_5                              gboot_usb_core
     000000B6  _FLSCL                             gboot_usb_core
     000000B6  _P3_6                              gboot_usb_core
     000000B7  _FLKEY                             gboot_usb_core
     000000B7  _P3_7                              gboot_usb_core
     000000B8  _IP                                gboot_usb_core
     000000B8  _PX0                               gboot_usb_core
     000000B9  _CLKMUL                            gboot_usb_core
     000000B9  _PT0                               gboot_usb_core
     000000BA  _AMX0N                             gboot_usb_core
     000000BA  _PX1                               gboot_usb_core
     000000BB  _AMX0P                             gboot_usb_core
     000000BB  _PT1                               gboot_usb_core
     000000BC  _ADC0CF                            gboot_usb_core
     000000BC  _PS                                gboot_usb_core
     000000BC  _PS0                               gboot_usb_core
     000000BD  _ADC0L                             gboot_usb_core
     000000BD  _PT2                               gboot_usb_core
     000000BE  _ADC0H                             gboot_usb_core
     000000BE  _PSPI0                             gboot_usb_core
     000000C0  _SI                                gboot_usb_core
     000000C0  _SMB0CN                            gboot_usb_core
     000000C1  _ACK                               gboot_usb_core
     000000C1  _SMB0CF                            gboot_usb_core
     000000C2  _ARBLOST                           gboot_usb_core
     000000C2  _SMB0DAT                           gboot_usb_core
     000000C3  _ACKRQ                             gboot_usb_core
     000000C3  _ADC0GTL                           gboot_usb_core
     000000C4  _ADC0GTH                           gboot_usb_core
     000000C4  _STO                               gboot_usb_core
     000000C5  _ADC0LTL                           gboot_usb_core
     000000C5  _STA                               gboot_usb_core
     000000C6  _ADC0LTH                           gboot_usb_core
     000000C6  _TXMODE                            gboot_usb_core
     000000C7  _MASTER                            gboot_usb_core
     000000C8  _T2CON                             gboot_usb_core
     000000C8  _T2XCLK                            gboot_usb_core
     000000C8  _TMR2CN                            gboot_usb_core
     000000C9  _REG0CN                            gboot_usb_core
     000000CA  _RCAP2L                            gboot_usb_core
     000000CA  _TMR2RLL                           gboot_usb_core
     000000CA  _TR2                               gboot_usb_core
ASxxxx Linker V03.00 + NoICE + sdld,  page 6.
Hexadecimal  [32-Bits]

Area                                    Addr        Size        Decimal Bytes (Attributes)
--------------------------------        ----        ----        ------- ----- ------------
.  .ABS.                            00000000    00000000 =           0. bytes (ABS,CON)

      Value  Global                              Global Defined In Module
      -----  --------------------------------   ------------------------
     000000CB  _RCAP2H                            gboot_usb_core
     000000CB  _T2SPLIT                           gboot_usb_core
     000000CB  _TMR2RLH                           gboot_usb_core
     000000CC  _T2SOF                             gboot_usb_core
     000000CC  _TL2                               gboot_usb_core
     000000CC  _TMR2L                             gboot_usb_core
     000000CD  _TF2LEN                            gboot_usb_core
     000000CD  _TH2                               gboot_usb_core
     000000CD  _TMR2H                             gboot_usb_core
     000000CE  _TF2L                              gboot_usb_core
     000000CF  _TF2                               gboot_usb_core
     000000CF  _TF2H                              gboot_usb_core
     000000D0  _PARITY                            gboot_usb_core
     000000D0  _PSW                               gboot_usb_core
     000000D1  _F1                                gboot_usb_core
     000000D1  _REF0CN                            gboot_usb_core
     000000D2  _OV                                gboot_usb_core
     000000D3  _RS0                               gboot_usb_core
     000000D4  _P0SKIP                            gboot_usb_core
     000000D4  _RS1                               gboot_usb_core
     000000D5  _F0                                gboot_usb_core
     000000D5  _P1SKIP                            gboot_usb_core
     000000D6  _AC                                gboot_usb_core
     000000D6  _P2SKIP                            gboot_usb_core
     000000D7  _CY                                gboot_usb_core
     000000D7  _USB0XCN                           gboot_usb_core
     000000D8  _CCF0                              gboot_usb_core
     000000D8  _PCA0CN                            gboot_usb_core
     000000D9  _CCF1                              gboot_usb_core
     000000D9  _PCA0MD                            gboot_usb_core
     000000DA  _CCF2                              gboot_usb_core
     000000DA  _PCA0CPM0                          gboot_usb_core
     000000DB  _CCF3                              gboot_usb_core
     000000DB  _PCA0CPM1                          gboot_usb_core
     000000DC  _CCF4                              gboot_usb_core
     000000DC  _PCA0CPM2                          gboot_usb_core
     000000DD  _PCA0CPM3                          gboot_usb_core
     000000DE  _CR                                gboot_usb_core
     000000DE  _PCA0CPM4                          gboot_usb_core
     000000DF  _CF                                gboot_usb_core
     000000E0  _ACC                               gboot_usb_core
     000000E1  _XBR0                              gboot_usb_core
     000000E2  _XBR1                              gboot_usb_core
     000000E4  _INT01CF                           gboot_usb_core
     000000E4  _IT01CF                            gboot_usb_core
     000000E6  _EIE1                              gboot_usb_core
     000000E7  _EIE2                              gboot_usb_core
     000000E8  _AD0CM0                            gboot_usb_core
     000000E8  _ADC0CN                            gboot_usb_core
     000000E9  _AD0CM1                            gboot_usb_core
     000000E9  _PCA0CPL1                          gboot_usb_core
ASxxxx Linker V03.00 + NoICE + sdld,  page 7.
Hexadecimal  [32-Bits]

Area                                    Addr        Size        Decimal Bytes (Attributes)
--------------------------------        ----        ----        ------- ----- ------------
.  .ABS.                            00000000    00000000 =           0. bytes (ABS,CON)

      Value  Global                              Global Defined In Module
      -----  --------------------------------   ------------------------
     000000EA  _AD0CM2                            gboot_usb_core
     000000EA  _PCA0CPH1                          gboot_usb_core
     000000EB  _AD0WINT                           gboot_usb_core
     000000EB  _PCA0CPL2                          gboot_usb_core
     000000EC  _AD0BUSY                           gboot_usb_core
     000000EC  _PCA0CPH2                          gboot_usb_core
     000000ED  _AD0INT                            gboot_usb_core
     000000ED  _PCA0CPL3                          gboot_usb_core
     000000EE  _AD0TM                             gboot_usb_core
     000000EE  _PCA0CPH3                          gboot_usb_core
     000000EF  _AD0EN                             gboot_usb_core
     000000EF  _RSTSRC                            gboot_usb_core
     000000F0  _B                                 gboot_usb_core
     000000F1  _P0MDIN                            gboot_usb_core
     000000F1  _P0MODE                            gboot_usb_core
     000000F2  _P1MDIN                            gboot_usb_core
     000000F2  _P1MODE                            gboot_usb_core
     000000F3  _P2MDIN                            gboot_usb_core
     000000F3  _P2MODE                            gboot_usb_core
     000000F4  _P3MDIN                            gboot_usb_core
     000000F4  _P3MODE                            gboot_usb_core
     000000F5  _B_5                               _gptrget
     000000F6  _B_6                               _gptrget
     000000F6  _EIP1                              gboot_usb_core
     000000F7  _B_7                               _gptrget
     000000F7  _EIP2                              gboot_usb_core
     000000F8  _SPI0CN                            gboot_usb_core
     000000F8  _SPIEN                             gboot_usb_core
     000000F9  _PCA0L                             gboot_usb_core
     000000F9  _TXBMT                             gboot_usb_core
     000000FA  _NSSMD0                            gboot_usb_core
     000000FA  _PCA0H                             gboot_usb_core
     000000FB  _NSSMD1                            gboot_usb_core
     000000FB  _PCA0CPL0                          gboot_usb_core
     000000FC  _PCA0CPH0                          gboot_usb_core
     000000FC  _RXOVRN                            gboot_usb_core
     000000FD  _MODF                              gboot_usb_core
     000000FD  _PCA0CPL4                          gboot_usb_core
     000000FE  _PCA0CPH4                          gboot_usb_core
     000000FE  _WCOL                              gboot_usb_core
     000000FF  _SPIF                              gboot_usb_core
     000000FF  _VDM0CN                            gboot_usb_core
     00000400  _user_code_start                   gboot_main
     00001029  _gboot_version                     gboot_main
     00008C8A  _TMR0                              gboot_usb_core
     00008D8B  _TMR1                              gboot_usb_core
     00009392  _TMR3RL                            gboot_usb_core
     00009594  _TMR3                              gboot_usb_core
     0000BEBD  _ADC0                              gboot_usb_core
     0000C4C3  _ADC0GT                            gboot_usb_core
     0000C6C5  _ADC0LT                            gboot_usb_core
ASxxxx Linker V03.00 + NoICE + sdld,  page 8.
Hexadecimal  [32-Bits]

Area                                    Addr        Size        Decimal Bytes (Attributes)
--------------------------------        ----        ----        ------- ----- ------------
.  .ABS.                            00000000    00000000 =           0. bytes (ABS,CON)

      Value  Global                              Global Defined In Module
      -----  --------------------------------   ------------------------
     0000CBCA  _RCAP2                             gboot_usb_core
     0000CBCA  _TMR2RL                            gboot_usb_core
     0000CDCC  _TMR2                              gboot_usb_core
     0000EAE9  _PCA0CP1                           gboot_usb_core
     0000ECEB  _PCA0CP2                           gboot_usb_core
     0000EEED  _PCA0CP3                           gboot_usb_core
     0000F320  _mcu_type                          gboot_main
     0000F9FF  _user_flash_end                    gboot_main
     0000FAF9  _PCA0                              gboot_usb_core
     0000FCFB  _PCA0CP0                           gboot_usb_core
     0000FEFD  _PCA0CP4                           gboot_usb_core
     0000FFFF  _hw_pid                            gboot_main

ASxxxx Linker V03.00 + NoICE + sdld,  page 9.
Hexadecimal  [32-Bits]

Area                                    Addr        Size        Decimal Bytes (Attributes)
--------------------------------        ----        ----        ------- ----- ------------
BSEG_BYTES                          00000020    00000001 =           1. bytes (REL,CON)

      Value  Global                              Global Defined In Module
      -----  --------------------------------   ------------------------
ASxxxx Linker V03.00 + NoICE + sdld,  page 10.
Hexadecimal  [32-Bits]

Area                                    Addr        Size        Decimal Bytes (Attributes)
--------------------------------        ----        ----        ------- ----- ------------
REG_BANK_0                          00000000    00000008 =           8. bytes (REL,OVR)

      Value  Global                              Global Defined In Module
      -----  --------------------------------   ------------------------
ASxxxx Linker V03.00 + NoICE + sdld,  page 11.
Hexadecimal  [32-Bits]

Area                                    Addr        Size        Decimal Bytes (Attributes)
--------------------------------        ----        ----        ------- ----- ------------
DSEG                                00000000    0000007C =         124. bytes (REL,CON)

      Value  Global                              Global Defined In Module
      -----  --------------------------------   ------------------------
     00000008  _OUT_PACKET                        gboot_main
     0000000C  _ControlReg                        gboot_main
     0000000D  _USB_WRITE_REG_REV_PARM_2          gboot_main
     0000000E  _USB0_STATE                        gboot_usb_core
     0000000F  _EP0_STATUS                        gboot_usb_core
     00000010  _SETUP                             gboot_usb_core
     00000018  _TXDATAPTR                         gboot_usb_core
     0000001B  _DATASIZE                          gboot_usb_core

ASxxxx Linker V03.00 + NoICE + sdld,  page 12.
Hexadecimal  [32-Bits]

Area                                    Addr        Size        Decimal Bytes (Attributes)
--------------------------------        ----        ----        ------- ----- ------------
SSEG                                00000021    000000DF =         223. bytes (REL,OVR)

      Value  Global                              Global Defined In Module
      -----  --------------------------------   ------------------------
     00000021  __start__stack                     gboot_crtstart

ASxxxx Linker V03.00 + NoICE + sdld,  page 13.
Hexadecimal  [32-Bits]

Area                                    Addr        Size        Decimal Bytes (Attributes)
--------------------------------        ----        ----        ------- ----- ------------
HOME                                00000000    00000091 =         145. bytes (REL,CON,CODE)

      Value  Global                              Global Defined In Module
      -----  --------------------------------   ------------------------
C:   00000000  gboot_crtstart.73                  gboot_crtstart
C:   00000003  gboot_crtstart.74                  gboot_crtstart
C:   00000006  _GBOOT_INFO_PACKET                 gboot_crtstart
C:   0000000B  gboot_crtstart.82                  gboot_crtstart
C:   0000000E  _FLASH_INFO_PACKET                 gboot_crtstart
C:   00000013  gboot_crtstart.90                  gboot_crtstart
C:   00000016  _DEV_INFO_PACKET                   gboot_crtstart
C:   0000001B  gboot_crtstart.98                  gboot_crtstart
C:   0000001E  _EXT_INFO_PACKET                   gboot_crtstart
C:   00000023  gboot_crtstart.106                 gboot_crtstart
C:   0000002B  gboot_crtstart.114                 gboot_crtstart
C:   00000033  gboot_crtstart.122                 gboot_crtstart
C:   0000003B  gboot_crtstart.124                 gboot_crtstart
C:   00000043  gboot_crtstart.126                 gboot_crtstart
C:   0000004B  gboot_crtstart.128                 gboot_crtstart
C:   00000053  gboot_crtstart.130                 gboot_crtstart
C:   0000005B  gboot_crtstart.132                 gboot_crtstart
C:   0000005D  _TINY_STRINGDESCTABLE              gboot_crtstart
C:   00000063  gboot_crtstart.137                 gboot_crtstart
C:   00000065  _String0Desc                       gboot_crtstart
C:   00000069  _ONES_PACKET                       gboot_crtstart
C:   0000006B  gboot_crtstart.146                 gboot_crtstart
C:   0000006D  _USB_POLL                          gboot_crtstart
C:   0000006D  gboot_crtstart.149                 gboot_crtstart
C:   0000006F  gboot_crtstart.150                 gboot_crtstart
C:   00000072  gboot_crtstart.151                 gboot_crtstart
C:   00000073  gboot_crtstart.152                 gboot_crtstart
C:   00000075  _USB_WRITE_E0CSR_END               gboot_crtstart
C:   00000075  gboot_crtstart.155                 gboot_crtstart
C:   00000077  gboot_crtstart.156                 gboot_crtstart
C:   00000079  _ZERO_PACKET                       gboot_crtstart
C:   0000007B  gboot_crtstart.160                 gboot_crtstart
C:   00000083  gboot_crtstart.164                 gboot_crtstart
C:   00000085  _USB_WRITE_E0CSR_SOPRDY            gboot_crtstart
C:   00000085  gboot_crtstart.181                 gboot_crtstart
C:   00000087  __USB_WRITE_E0CSR_ASM              gboot_crtstart
C:   00000087  gboot_crtstart.183                 gboot_crtstart
C:   00000089  gboot_crtstart.185                 gboot_crtstart
C:   0000008C  gboot_crtstart.186                 gboot_crtstart
C:   0000008E  gboot_crtstart.187                 gboot_crtstart
C:   00000090  gboot_crtstart.188                 gboot_crtstart

ASxxxx Linker V03.00 + NoICE + sdld,  page 14.
Hexadecimal  [32-Bits]

Area                                    Addr        Size        Decimal Bytes (Attributes)
--------------------------------        ----        ----        ------- ----- ------------
CSEG                                00000091    0000001C =          28. bytes (REL,CON,CODE)

      Value  Global                              Global Defined In Module
      -----  --------------------------------   ------------------------
C:   00000091  __gptrget                          _gptrget

ASxxxx Linker V03.00 + NoICE + sdld,  page 15.
Hexadecimal  [32-Bits]

Area                                    Addr        Size        Decimal Bytes (Attributes)
--------------------------------        ----        ----        ------- ----- ------------
MAINSEG                             0000FA00    0000018F =         399. bytes (REL,CON,CODE)

      Value  Global                              Global Defined In Module
      -----  --------------------------------   ------------------------
C:   0000FA00  _gboot_main                        gboot_main
C:   0000FA94  _Fifo_Read_EP0                     gboot_main
C:   0000FB5B  _USB_READ_REG                      gboot_main
C:   0000FB70  _USB_READ_E0CSR                    gboot_main
C:   0000FB7A  _USB_WRITE_E0CSR                   gboot_main
C:   0000FB80  _USB_WRITE_REG_REV                 gboot_main
ASxxxx Linker V03.00 + NoICE + sdld,  page 16.
Hexadecimal  [32-Bits]

Area                                    Addr        Size        Decimal Bytes (Attributes)
--------------------------------        ----        ----        ------- ----- ------------
USBSEG                              000000AD    00000327 =         807. bytes (REL,CON,CODE)

      Value  Global                              Global Defined In Module
      -----  --------------------------------   ------------------------
C:   000000AD  _write_enable                      gboot_report_handlers
C:   000000C8  _ReportHandler                     gboot_report_handlers
C:   0000012E  _SET_PACKET                        gboot_usb_core
C:   00000170  _Handle_Request                    gboot_usb_core

ASxxxx Linker V03.00 + NoICE + sdld,  page 17.
Hexadecimal  [32-Bits]

Area                                    Addr        Size        Decimal Bytes (Attributes)
--------------------------------        ----        ----        ------- ----- ------------
GBOOT_CONST                         0000FB8F    00000069 =         105. bytes (REL,CON,CODE)

      Value  Global                              Global Defined In Module
      -----  --------------------------------   ------------------------
C:   0000FB8F  _DEVICEDESC                        gboot_usb_descriptor
C:   0000FBA1  _HIDCONFIGDESC                     gboot_usb_descriptor
C:   0000FBC3  _HIDREPORTDESC                     gboot_usb_descriptor
C:   0000FBD8  _String1Desc                       gboot_usb_descriptor
C:   0000FBE6  _String2Desc                       gboot_usb_descriptor
C:   0000FBF2  _STRINGDESCTABLE                   gboot_usb_descriptor
ASxxxx Linker V03.00 + NoICE + sdld,  page 18.

Files Linked                              [ module(s) ]

gboot_main.rel                            [  ]
gboot_report_handlers.rel                 [  ]
gboot_usb_descriptor.rel                  [  ]
gboot_usb_core.rel                        [  ]
gboot_crtstart.rel                        [  ]


Libraries Linked                          [ object file ]

/mnt/share/local/sdcc33/bin/../share/sdcc/lib/small/libsdcc.lib
                                          [ _gptrget.rel ]

ASxxxx Linker V03.00 + NoICE + sdld,  page 19.

User Base Address Definitions

HOME = 0x0000
XSEG = 0x4000
PSEG = 0x4000
ISEG = 0x0000
BSEG = 0x0000
GBOOT_CONST=0xfa00
USBSEG=0x0000
MAINSEG=0xfa00

